core_cm3.h:1511:22:__NVIC_EnableIRQ	16	static
core_cm3.h:1547:22:__NVIC_DisableIRQ	16	static,ignoring_inline_asm
stm32f1_extit.c:20:6:EXTIT_set_callback	24	static
stm32f1_extit.c:30:6:EXTIT_enable	16	static
stm32f1_extit.c:53:6:EXTIT_disable	16	static
stm32f1_extit.c:81:9:EXTI_gpiopin_to_pin_number	24	static
stm32f1_extit.c:111:13:EXTI_call	24	static
stm32f1_extit.c:126:6:EXTI0_IRQHandler	8	static
stm32f1_extit.c:131:6:EXTI1_IRQHandler	8	static
stm32f1_extit.c:136:6:EXTI2_IRQHandler	8	static
stm32f1_extit.c:141:6:EXTI3_IRQHandler	8	static
stm32f1_extit.c:146:6:EXTI4_IRQHandler	8	static
stm32f1_extit.c:152:6:EXTI9_5_IRQHandler	8	static
stm32f1_extit.c:161:6:EXTI15_10_IRQHandler	8	static
